* ******************************************************************************

* iCEcube Report

* Version:            2017.08.27940

* Build Date:         Sep 12 2017 08:02:28

* File Generated:     Sep 12 2019 16:24:28

* Purpose:            General info of design implementation

* Copyright (C) 2006-2010 by Lattice Semiconductor Corp. All rights reserved.

* ******************************************************************************

Synthesis/Placement Summary:
----------------------------
    Status:  Successful
    Runtime: 1 seconds

Device Info:
------------
    Device Family: iCE40
    Device:        iCE40LP8K
    Package:       CM81

Design statistics:
------------------
    FFs:                  502
    LUTs:                 1004
    RAMs:                 0
    IOBs:                 6
    GBs:                  1
    PLLs:                 0
    Warm Boots:           0

Logic Resource Utilization:
---------------------------
    Total Logic Cells: 1004/7680
        Combinational Logic Cells: 502      out of   7680      6.53646%
        Sequential Logic Cells:    502      out of   7680      6.53646%
        Logic Tiles:               163      out of   960       16.9792%
    Registers: 
        Logic Registers:           502      out of   7680      6.53646%
        IO Registers:              1        out of   1280      0.078125
    Block RAMs:                    0        out of   32        0%
    Warm Boots:                    0        out of   1         0%
    Pins:
        Input Pins:                1        out of   63        1.5873%
        Output Pins:               4        out of   63        6.34921%
        InOut Pins:                1        out of   63        1.5873%
    Global Buffers:                1        out of   8         12.5%
    PLLs:                          0        out of   1         0%

IO Bank Utilization:
--------------------
    Bank 3: 2        out of   18        11.1111%
    Bank 1: 0        out of   15        0%
    Bank 0: 4        out of   17        23.5294%
    Bank 2: 0        out of   13        0%

Detailed I/O Info:
------------------
    Input Pins: 
    Pin Number  Direction  IO Standard  Pull Up  IO Bank  IO Function                   Signal Name
    ----------  ---------  -----------  -------  -------  -----------                   -----------
    B2          Input      SB_LVCMOS    No       3        Simple Input                  CLK    

    Output Pins: 
    Pin Number  Direction  IO Standard  Pull Up  IO Bank  IO Function                   Signal Name
    ----------  ---------  -----------  -------  -------  -----------                   -----------
    A2          Output     SB_LVCMOS    Yes      0        Output Tristatable by Enable  PIN_1  
    A3          Output     SB_LVCMOS    No       0        Simple Output                 USBPU  
    B1          Output     SB_LVCMOS    Yes      3        Output Tristatable by Enable  PIN_3  
    B3          Output     SB_LVCMOS    No       0        Simple Output                 LED    

    Inoutput Pins: 
    Pin Number  Direction  IO Standard  Pull Up  IO Bank  IO Function                   Signal Name
    ----------  ---------  -----------  -------  -------  -----------                   -----------
    A1          InOut      SB_LVCMOS    Yes      0        Input Registered No Output    PIN_2  

Detailed Global Buffer Info:
----------------------------
    Buffer Number  IO Bank  Driven By  Fanout  Signal Name
    -------------  -------  ---------  ------  -----------
    3              3                   503     CLK_c  
