--------------------------------------------------------------------------------
Lattice Synthesis Timing Report, Version  
Mon Sep 16 20:24:54 2019

Copyright (c) 1991-1994 by NeoCAD Inc. All rights reserved.
Copyright (c) 1995 AT&T Corp.   All rights reserved.
Copyright (c) 1995-2001 Lucent Technologies Inc.  All rights reserved.
Copyright (c) 2001 Agere Systems   All rights reserved.
Copyright (c) 2002-2016 Lattice Semiconductor Corporation,  All rights reserved.

Report Information
------------------
Design:     TinyFPGA_B
Constraint file: TinyFPGA_B_temp_lse.sdc 
Report level:    verbose report, limited to 3 items per constraint
--------------------------------------------------------------------------------



================================================================================
Constraint: create_clock -period 62.500000 -waveform { 0.000000 31.250000 } -name CLK [ get_ports { CLK } ]
            4096 items scored, 0 timing errors detected.
--------------------------------------------------------------------------------


Passed:  The following path meets requirements by 5.473ns

 Logical Details:  Cell type  Pin type       Cell name  (clock net +/-)

   Source:         SB_DFF     C              \quad_counter0/A_63  (from CLK +)
   Destination:    SB_DFF     D              \quad_counter0/count_i0_i31  (to CLK +)

   Delay:                  56.894ns  (25.7% logic, 74.3% route), 36 logic levels.

 Constraint Details:

     56.894ns data_path \quad_counter0/A_63 to \quad_counter0/count_i0_i31 meets
     62.500ns delay constraint less
      0.133ns L_S requirement (totaling 62.367ns) by 5.473ns

 Path Details: \quad_counter0/A_63 to \quad_counter0/count_i0_i31

   Name    Fanout   Delay (ns)          Pins               Resource(Cell.Net)
L_CO        ---     0.367              C to Q              \quad_counter0/A_63 (from CLK)
Route         5   e 1.441                                  A_filtered
LUT4        ---     0.408             I0 to O              \quad_counter0/i1074_1_lut_2_lut
Route        63   e 1.848                                  \quad_counter0/n2313
LUT4        ---     0.408             I0 to CO             \quad_counter0/add_647_1
Route         2   e 1.158                                  \quad_counter0/n19763
LUT4        ---     0.408             CI to CO             \quad_counter0/add_647_2
Route         2   e 1.158                                  \quad_counter0/n19764
LUT4        ---     0.408             CI to CO             \quad_counter0/add_647_3
Route         2   e 1.158                                  \quad_counter0/n19765
LUT4        ---     0.408             CI to CO             \quad_counter0/add_647_4
Route         2   e 1.158                                  \quad_counter0/n19766
LUT4        ---     0.408             CI to CO             \quad_counter0/add_647_5
Route         2   e 1.158                                  \quad_counter0/n19767
LUT4        ---     0.408             CI to CO             \quad_counter0/add_647_6
Route         2   e 1.158                                  \quad_counter0/n19768
LUT4        ---     0.408             CI to CO             \quad_counter0/add_647_7
Route         2   e 1.158                                  \quad_counter0/n19769
LUT4        ---     0.408             CI to CO             \quad_counter0/add_647_8
Route         2   e 1.158                                  \quad_counter0/n19770
LUT4        ---     0.408             CI to CO             \quad_counter0/add_647_9
Route         2   e 1.158                                  \quad_counter0/n19771
LUT4        ---     0.408             CI to CO             \quad_counter0/add_647_10
Route         2   e 1.158                                  \quad_counter0/n19772
LUT4        ---     0.408             CI to CO             \quad_counter0/add_647_11
Route         2   e 1.158                                  \quad_counter0/n19773
LUT4        ---     0.408             CI to CO             \quad_counter0/add_647_12
Route         2   e 1.158                                  \quad_counter0/n19774
LUT4        ---     0.408             CI to CO             \quad_counter0/add_647_13
Route         2   e 1.158                                  \quad_counter0/n19775
LUT4        ---     0.408             CI to CO             \quad_counter0/add_647_14
Route         2   e 1.158                                  \quad_counter0/n19776
LUT4        ---     0.408             CI to CO             \quad_counter0/add_647_15
Route         2   e 1.158                                  \quad_counter0/n19777
LUT4        ---     0.408             CI to CO             \quad_counter0/add_647_16
Route         2   e 1.158                                  \quad_counter0/n19778
LUT4        ---     0.408             CI to CO             \quad_counter0/add_647_17
Route         2   e 1.158                                  \quad_counter0/n19779
LUT4        ---     0.408             CI to CO             \quad_counter0/add_647_18
Route         2   e 1.158                                  \quad_counter0/n19780
LUT4        ---     0.408             CI to CO             \quad_counter0/add_647_19
Route         2   e 1.158                                  \quad_counter0/n19781
LUT4        ---     0.408             CI to CO             \quad_counter0/add_647_20
Route         2   e 1.158                                  \quad_counter0/n19782
LUT4        ---     0.408             CI to CO             \quad_counter0/add_647_21
Route         2   e 1.158                                  \quad_counter0/n19783
LUT4        ---     0.408             CI to CO             \quad_counter0/add_647_22
Route         2   e 1.158                                  \quad_counter0/n19784
LUT4        ---     0.408             CI to CO             \quad_counter0/add_647_23
Route         2   e 1.158                                  \quad_counter0/n19785
LUT4        ---     0.408             CI to CO             \quad_counter0/add_647_24
Route         2   e 1.158                                  \quad_counter0/n19786
LUT4        ---     0.408             CI to CO             \quad_counter0/add_647_25
Route         2   e 1.158                                  \quad_counter0/n19787
LUT4        ---     0.408             CI to CO             \quad_counter0/add_647_26
Route         2   e 1.158                                  \quad_counter0/n19788
LUT4        ---     0.408             CI to CO             \quad_counter0/add_647_27
Route         2   e 1.158                                  \quad_counter0/n19789
LUT4        ---     0.408             CI to CO             \quad_counter0/add_647_28
Route         2   e 1.158                                  \quad_counter0/n19790
LUT4        ---     0.408             CI to CO             \quad_counter0/add_647_29
Route         2   e 1.158                                  \quad_counter0/n19791
LUT4        ---     0.408             CI to CO             \quad_counter0/add_647_30
Route         2   e 1.158                                  \quad_counter0/n19792
LUT4        ---     0.408             CI to CO             \quad_counter0/add_647_31
Route         2   e 1.158                                  \quad_counter0/n19793
LUT4        ---     0.408             CI to CO             \quad_counter0/add_647_32
Route         1   e 1.020                                  \quad_counter0/n19794
LUT4        ---     0.408             I3 to O              \quad_counter0/add_647_33_lut
Route         1   e 1.020                                  n2326
LUT4        ---     0.408             I1 to O              i11859_3_lut
Route         1   e 1.020                                  n15474
                  --------
                   56.894  (25.7% logic, 74.3% route), 36 logic levels.


Passed:  The following path meets requirements by 5.473ns

 Logical Details:  Cell type  Pin type       Cell name  (clock net +/-)

   Source:         SB_DFF     C              \quad_counter0/A_63  (from CLK +)
   Destination:    SB_DFF     D              \quad_counter0/count_i0_i31  (to CLK +)

   Delay:                  56.894ns  (25.7% logic, 74.3% route), 36 logic levels.

 Constraint Details:

     56.894ns data_path \quad_counter0/A_63 to \quad_counter0/count_i0_i31 meets
     62.500ns delay constraint less
      0.133ns L_S requirement (totaling 62.367ns) by 5.473ns

 Path Details: \quad_counter0/A_63 to \quad_counter0/count_i0_i31

   Name    Fanout   Delay (ns)          Pins               Resource(Cell.Net)
L_CO        ---     0.367              C to Q              \quad_counter0/A_63 (from CLK)
Route         5   e 1.441                                  A_filtered
LUT4        ---     0.408             I0 to O              \quad_counter0/i1074_1_lut_2_lut
Route        63   e 1.848                                  \quad_counter0/n2313
LUT4        ---     0.408             I1 to CO             \quad_counter0/add_647_1
Route         2   e 1.158                                  \quad_counter0/n19763
LUT4        ---     0.408             CI to CO             \quad_counter0/add_647_2
Route         2   e 1.158                                  \quad_counter0/n19764
LUT4        ---     0.408             CI to CO             \quad_counter0/add_647_3
Route         2   e 1.158                                  \quad_counter0/n19765
LUT4        ---     0.408             CI to CO             \quad_counter0/add_647_4
Route         2   e 1.158                                  \quad_counter0/n19766
LUT4        ---     0.408             CI to CO             \quad_counter0/add_647_5
Route         2   e 1.158                                  \quad_counter0/n19767
LUT4        ---     0.408             CI to CO             \quad_counter0/add_647_6
Route         2   e 1.158                                  \quad_counter0/n19768
LUT4        ---     0.408             CI to CO             \quad_counter0/add_647_7
Route         2   e 1.158                                  \quad_counter0/n19769
LUT4        ---     0.408             CI to CO             \quad_counter0/add_647_8
Route         2   e 1.158                                  \quad_counter0/n19770
LUT4        ---     0.408             CI to CO             \quad_counter0/add_647_9
Route         2   e 1.158                                  \quad_counter0/n19771
LUT4        ---     0.408             CI to CO             \quad_counter0/add_647_10
Route         2   e 1.158                                  \quad_counter0/n19772
LUT4        ---     0.408             CI to CO             \quad_counter0/add_647_11
Route         2   e 1.158                                  \quad_counter0/n19773
LUT4        ---     0.408             CI to CO             \quad_counter0/add_647_12
Route         2   e 1.158                                  \quad_counter0/n19774
LUT4        ---     0.408             CI to CO             \quad_counter0/add_647_13
Route         2   e 1.158                                  \quad_counter0/n19775
LUT4        ---     0.408             CI to CO             \quad_counter0/add_647_14
Route         2   e 1.158                                  \quad_counter0/n19776
LUT4        ---     0.408             CI to CO             \quad_counter0/add_647_15
Route         2   e 1.158                                  \quad_counter0/n19777
LUT4        ---     0.408             CI to CO             \quad_counter0/add_647_16
Route         2   e 1.158                                  \quad_counter0/n19778
LUT4        ---     0.408             CI to CO             \quad_counter0/add_647_17
Route         2   e 1.158                                  \quad_counter0/n19779
LUT4        ---     0.408             CI to CO             \quad_counter0/add_647_18
Route         2   e 1.158                                  \quad_counter0/n19780
LUT4        ---     0.408             CI to CO             \quad_counter0/add_647_19
Route         2   e 1.158                                  \quad_counter0/n19781
LUT4        ---     0.408             CI to CO             \quad_counter0/add_647_20
Route         2   e 1.158                                  \quad_counter0/n19782
LUT4        ---     0.408             CI to CO             \quad_counter0/add_647_21
Route         2   e 1.158                                  \quad_counter0/n19783
LUT4        ---     0.408             CI to CO             \quad_counter0/add_647_22
Route         2   e 1.158                                  \quad_counter0/n19784
LUT4        ---     0.408             CI to CO             \quad_counter0/add_647_23
Route         2   e 1.158                                  \quad_counter0/n19785
LUT4        ---     0.408             CI to CO             \quad_counter0/add_647_24
Route         2   e 1.158                                  \quad_counter0/n19786
LUT4        ---     0.408             CI to CO             \quad_counter0/add_647_25
Route         2   e 1.158                                  \quad_counter0/n19787
LUT4        ---     0.408             CI to CO             \quad_counter0/add_647_26
Route         2   e 1.158                                  \quad_counter0/n19788
LUT4        ---     0.408             CI to CO             \quad_counter0/add_647_27
Route         2   e 1.158                                  \quad_counter0/n19789
LUT4        ---     0.408             CI to CO             \quad_counter0/add_647_28
Route         2   e 1.158                                  \quad_counter0/n19790
LUT4        ---     0.408             CI to CO             \quad_counter0/add_647_29
Route         2   e 1.158                                  \quad_counter0/n19791
LUT4        ---     0.408             CI to CO             \quad_counter0/add_647_30
Route         2   e 1.158                                  \quad_counter0/n19792
LUT4        ---     0.408             CI to CO             \quad_counter0/add_647_31
Route         2   e 1.158                                  \quad_counter0/n19793
LUT4        ---     0.408             CI to CO             \quad_counter0/add_647_32
Route         1   e 1.020                                  \quad_counter0/n19794
LUT4        ---     0.408             I3 to O              \quad_counter0/add_647_33_lut
Route         1   e 1.020                                  n2326
LUT4        ---     0.408             I1 to O              i11859_3_lut
Route         1   e 1.020                                  n15474
                  --------
                   56.894  (25.7% logic, 74.3% route), 36 logic levels.


Passed:  The following path meets requirements by 5.473ns

 Logical Details:  Cell type  Pin type       Cell name  (clock net +/-)

   Source:         SB_DFF     C              \quad_counter1/A_63  (from CLK +)
   Destination:    SB_DFF     D              \quad_counter1/count_i0_i31  (to CLK +)

   Delay:                  56.894ns  (25.7% logic, 74.3% route), 36 logic levels.

 Constraint Details:

     56.894ns data_path \quad_counter1/A_63 to \quad_counter1/count_i0_i31 meets
     62.500ns delay constraint less
      0.133ns L_S requirement (totaling 62.367ns) by 5.473ns

 Path Details: \quad_counter1/A_63 to \quad_counter1/count_i0_i31

   Name    Fanout   Delay (ns)          Pins               Resource(Cell.Net)
L_CO        ---     0.367              C to Q              \quad_counter1/A_63 (from CLK)
Route         5   e 1.441                                  A_filtered_adj_4763
LUT4        ---     0.408             I0 to O              \quad_counter1/i1075_1_lut_2_lut
Route        63   e 1.848                                  \quad_counter1/n2226
LUT4        ---     0.408             I0 to CO             \quad_counter1/add_613_1
Route         2   e 1.158                                  \quad_counter1/n19731
LUT4        ---     0.408             CI to CO             \quad_counter1/add_613_2
Route         2   e 1.158                                  \quad_counter1/n19732
LUT4        ---     0.408             CI to CO             \quad_counter1/add_613_3
Route         2   e 1.158                                  \quad_counter1/n19733
LUT4        ---     0.408             CI to CO             \quad_counter1/add_613_4
Route         2   e 1.158                                  \quad_counter1/n19734
LUT4        ---     0.408             CI to CO             \quad_counter1/add_613_5
Route         2   e 1.158                                  \quad_counter1/n19735
LUT4        ---     0.408             CI to CO             \quad_counter1/add_613_6
Route         2   e 1.158                                  \quad_counter1/n19736
LUT4        ---     0.408             CI to CO             \quad_counter1/add_613_7
Route         2   e 1.158                                  \quad_counter1/n19737
LUT4        ---     0.408             CI to CO             \quad_counter1/add_613_8
Route         2   e 1.158                                  \quad_counter1/n19738
LUT4        ---     0.408             CI to CO             \quad_counter1/add_613_9
Route         2   e 1.158                                  \quad_counter1/n19739
LUT4        ---     0.408             CI to CO             \quad_counter1/add_613_10
Route         2   e 1.158                                  \quad_counter1/n19740
LUT4        ---     0.408             CI to CO             \quad_counter1/add_613_11
Route         2   e 1.158                                  \quad_counter1/n19741
LUT4        ---     0.408             CI to CO             \quad_counter1/add_613_12
Route         2   e 1.158                                  \quad_counter1/n19742
LUT4        ---     0.408             CI to CO             \quad_counter1/add_613_13
Route         2   e 1.158                                  \quad_counter1/n19743
LUT4        ---     0.408             CI to CO             \quad_counter1/add_613_14
Route         2   e 1.158                                  \quad_counter1/n19744
LUT4        ---     0.408             CI to CO             \quad_counter1/add_613_15
Route         2   e 1.158                                  \quad_counter1/n19745
LUT4        ---     0.408             CI to CO             \quad_counter1/add_613_16
Route         2   e 1.158                                  \quad_counter1/n19746
LUT4        ---     0.408             CI to CO             \quad_counter1/add_613_17
Route         2   e 1.158                                  \quad_counter1/n19747
LUT4        ---     0.408             CI to CO             \quad_counter1/add_613_18
Route         2   e 1.158                                  \quad_counter1/n19748
LUT4        ---     0.408             CI to CO             \quad_counter1/add_613_19
Route         2   e 1.158                                  \quad_counter1/n19749
LUT4        ---     0.408             CI to CO             \quad_counter1/add_613_20
Route         2   e 1.158                                  \quad_counter1/n19750
LUT4        ---     0.408             CI to CO             \quad_counter1/add_613_21
Route         2   e 1.158                                  \quad_counter1/n19751
LUT4        ---     0.408             CI to CO             \quad_counter1/add_613_22
Route         2   e 1.158                                  \quad_counter1/n19752
LUT4        ---     0.408             CI to CO             \quad_counter1/add_613_23
Route         2   e 1.158                                  \quad_counter1/n19753
LUT4        ---     0.408             CI to CO             \quad_counter1/add_613_24
Route         2   e 1.158                                  \quad_counter1/n19754
LUT4        ---     0.408             CI to CO             \quad_counter1/add_613_25
Route         2   e 1.158                                  \quad_counter1/n19755
LUT4        ---     0.408             CI to CO             \quad_counter1/add_613_26
Route         2   e 1.158                                  \quad_counter1/n19756
LUT4        ---     0.408             CI to CO             \quad_counter1/add_613_27
Route         2   e 1.158                                  \quad_counter1/n19757
LUT4        ---     0.408             CI to CO             \quad_counter1/add_613_28
Route         2   e 1.158                                  \quad_counter1/n19758
LUT4        ---     0.408             CI to CO             \quad_counter1/add_613_29
Route         2   e 1.158                                  \quad_counter1/n19759
LUT4        ---     0.408             CI to CO             \quad_counter1/add_613_30
Route         2   e 1.158                                  \quad_counter1/n19760
LUT4        ---     0.408             CI to CO             \quad_counter1/add_613_31
Route         2   e 1.158                                  \quad_counter1/n19761
LUT4        ---     0.408             CI to CO             \quad_counter1/add_613_32
Route         1   e 1.020                                  \quad_counter1/n19762
LUT4        ---     0.408             I3 to O              \quad_counter1/add_613_33_lut
Route         1   e 1.020                                  n2260
LUT4        ---     0.408             I1 to O              i11905_3_lut
Route         1   e 1.020                                  n15520
                  --------
                   56.894  (25.7% logic, 74.3% route), 36 logic levels.

Report: 57.027 ns is the maximum delay for this constraint.


Timing Report Summary
--------------
--------------------------------------------------------------------------------
Constraint                              |   Constraint|       Actual|Levels
--------------------------------------------------------------------------------
                                        |             |             |
create_clock -period 62.500000          |             |             |
-waveform { 0.000000 31.250000 } -name  |             |             |
CLK [ get_ports { CLK } ]               |    62.500 ns|    57.027 ns|    36  
                                        |             |             |
--------------------------------------------------------------------------------


All constraints were met.



Timing summary:
---------------

Timing errors: 0  Score: 0

Constraints cover  12242888 paths, 2743 nets, and 8316 connections (99.7% coverage)


Peak memory: 207765504 bytes, TRCE: 3600384 bytes, DLYMAN: 0 bytes
CPU_TIME_REPORT: 0 secs 
